{
	"status": 200,
	"message": "Success",
	"key": "ItemInventoryKey(itemID=30056000004)",
	"body": {
		"itemID": "30056000004",
		"onhandsupply": 100,
		"shipATP": 0,
		"bopusATP": 0,
		"reservedDemand": 0,
		"unconfirmedDemand": 0,
		"nonStoreQualStatus": 0,
		"networkQualStatus": 0,
		"nonStoreOnhandQty": 0,
		"futureAvlQty": 0,
		"firstFutureAvailableDate": 0,
		"shipActive": 1,
		"bopusActive": 1,
		"purifyATPDone": false,
		"factoryShipLeadTimeQty": 0,
		"factoryShipLeadTimeUOM": 0,
		"factoryShipInventoryIndicator": false,
		"whseClass": 3,
		"moq": null
	},
	"warnings": null
}