{
	"status": 200,
	"message": "Success",
	"body": [{
		"shortageQty": 0,
		"reservedQty": 0,
		"partiallyReservedQty": 0,
		"problemType": "SUCCESS",
		"orgCode": "JCP",
		"requestLine": {
			"lineID": "1",
			"itemID": "3514567-8012",
			"uom": "EACH",
			"bopus": false,
			"shippable": true,
			"deliveryMethod": null,
			"increaseCapacity": "Y",
			"shutdown": false,
			"qty": 0,
			"storeID": "1056",
			"channel": null,
			"reservationID": "R36003",
			"procurementAllowed": false
		}
	}]
}