{
	"status": 200,
	"message": "Success",
	"body": [{
		"shortageQty": 0,
		"reservedQty": 3,
		"partiallyReservedQty": 0,
		"problemType": "SUCCESS",
		"orgCode": "JCP",
		"requestLine": {
			"lineID": "1",
			"itemID": "7063000-3024",
			"uom": "EACH",
			"bopus": false,
			"shippable": true,
			"deliveryMethod": null,
			"increaseCapacity": null,
			"shutdown": false,
			"qty": 3,
			"storeID": "2920",
			"channel": null,
			
			"procurementAllowed": false,
			"schedule": false
		}
	}]
}