{"status":200,"message":"Success","body":[{"shortageQty":0,"reservedQty":10,"partiallyReservedQty":0,"problemType":"SUCCESS","orgCode":"JCP","requestLine":{"lineID":"3","itemID":"8011000-2004","uom":"EACH","bopus":false,"shippable":true,"deliveryMethod":null,"increaseCapacity":null,"shutdown":false,"qty":10,"storeID":"1037","channel":null,"reservationID":"6df7f9dc-60b3-4f15-bd99-cb8498d6a222","procurementAllowed":false}}]}