{
	"body": [{
		"status": 212,
		"message": "Data Write Successful",
		"key": "8041000|804|ALL",
		"body": null,
		"warnings": null
	},
	{
		"status": 212,
		"message": "Data Write Successful",
		"key": "8041000|804|ALL",
		"body": null,
		"warnings": null
	}],
	"status": 221,
	"message": "Successful"
}