{
	"body": [{
		"status": 200,
		"message": "Success",
		"key": "JCP|1068|80510002012|EACH",
		"body": {
			"invall": {
				
				"shipATP": 40,
				
				"unconfirmeddemand": 0,
				
				
				"ship_active": 1,
				
				
				
				"isDirty": 0,
				"bopusSafetyFactor": 0,
				"bopusATP": 40,
				"shipSafetyFactor": 0,
				"reserveddemand": 0,
				"bopus_active": 1,
				"onhandsupply": 40
			}
		},
		"warnings": null
	}],
	"status": 221,
	"message": "Successful"
}