{"status":200,"message":"Success","key":"77012131006","body":0,"warnings":null}