{
    "message": "Success",
    "body": [
        {
            "partiallyReservedQty": 0,
            "shortageQty": 0,
            "orgCode": "JCP",
            "reservedQty": 4,
            "requestLine": {
                "deliveryMethod": null,
                "channel": null,
                "lineID": "1",
                "storeID": "1322",
                "itemID": "3453000-1082",
                "schedule": false,
                "uom": "EACH",
                "shippable": true,
                "reservationID": "CR001-096",
                "procurementAllowed": false,
                "qty": 4,
                "bopus": false,
                "increaseCapacity": null,
                "shutdown": false
            },
            "problemType": "SUCCESS"
        }
    ],
    "status": 200
}