{"body":[{"status":0,"message":null,"key":"JCP|58078781032|EACH","body":null,"warnings":[]}],"status":221,"message":"Successful"}