{"status":200,"message":"Success","key":"JCP|1398|70630003003|EACH","body":null,"warnings":null}