{
    "warnings": null,
    "message": "Success",
    "body": {
        "dirty": false,
       
        "shipSafetyFactorSource": 0,
        "bopusSafetyFactor": 2,
        "shipSafetyFactor": 1,
        "onhandSupply": 1,
        "reservedDemand": 0,
        "pickSafetyFactorSource": 0,
        "unconfirmedDemand": 0
    },
    "key": "JCP|1542|70630003035|EACH",
    "status": 200
}