{"status":221,"message":"Successful","key":"JCP|2978","body":null,"warnings":[]}