{"status":221,"message":"Successful","key":"JCP|2845","body":null,"warnings":[]}