{"body":[{"status":0,"message":null,"key":"JCP|34010002031|EACH","body":null,"warnings":[]}],"status":221,"message":"Successful"}