{
	"status": 200,
	"message": "Success",
	"key": "JCP|1037|58078781036|EACH",
	"body": {
		"onhandSupply": 1,
		
		"shipSafetyFactor": 1,
		"bopusSafetyFactor": 2,
		"shipSafetyFactorSource": 0,
		"pickSafetyFactorSource": 0,

		
		
		
		"reservedDemand": 0,
		"unconfirmedDemand": 1,
		
		
		"dirty": false
	},
	"warnings": null
}