{
    "warnings": [],
    "message": "Successful",
    "body": null,
    "key": "JCP|2626",
    "status": 221
}