{
    "body": [
        {
            "clearanceCapacityEnabled": true,
            "message": "feature flag value",
            "status": 200
        },
        {
            "warnings": null,
            "message": "Success",
            "body": {
                "availableCapacity": 700,
                "clearanceCapacityPercentage": 70,
                "consumedClearanceCapacity": 0,
                "standardCapacity": 700,
                "availableClearanceCapacity": 490,
                "consumedTotalCapacity": 0,
                "capacityUnitOfMeasure": "RELEASE"
            },
            "key": "JCP|2015|20190209",
            "status": 200
        },
        {
            "warnings": null,
            "message": "Success",
            "body": {
                "overallCapacity": [
                    {
                        "totalAvailableClearanceCapacity": 490,
                        "totalStandardCapacity": 700,
                        "totalClearanceCapacity": 490,
                        "totalConsumedCapacity": 0,
                        "capacityUnitOfMeasure": "RELEASE",
                        "totalAvailableCapacity": 700,
                        "totalConsumedClearanceCapacity": 0
                    }
                ]
            },
            "key": "",
            "status": 200
        }
    ],
    "message": "Successful",
    "status": 221
}