{"status":200,"message":"Success","body":[{"shortageQty":0,"reservedQty":3,"partiallyReservedQty":0,"problemType":"SUCCESS","orgCode":"JCP","requestLine":{"lineID":"1","itemID":"5807878-1025","uom":"EACH","bopus":false,"shippable":true,"deliveryMethod":null,"increaseCapacity":null,"shutdown":false,"qty":3,"storeID":"0951","channel":null,"reservationID":"R-v1-R002","procurementAllowed":false}}]}