{
	"status": 200,
	"message": "Success",
	"body": [{
			"itemID": "54003001012",
			"uom": "EACH",
			"storeID": "2456",
			"supplyData": {
				"onhandsupply": 20
			},
			"demandData": {
				"reserveddemand": 0
			}
		}
	]
}
