{"status":221,"message":"Successful","key":"JCP|0647","body":null,"warnings":[]}