{
	"status": 200,
	"message": "Success",
	"key": "JCP|0652|16345678019|EACH",
	"body": {
		
		"shipSafetyFactor": 10,
		"bopusSafetyFactor": 10,
		"shipSafetyFactorSource": 0,
		"pickSafetyFactorSource": 0,

		
		
		
		"reservedDemand": 0,
		"unconfirmedDemand": 0,
		
		"dirty": false
	},
	"warnings": null
}