{"status":200,"message":"Success","body":[{"itemID":"12345678043","uom":"EACH","storeID":"0696","supplyData":{"onhandsupply":100},"demandData":{"reserveddemand":0}}]}