{"status":200,"message":"Success","key":"20170613221817100247|JCP","body":null,"warnings":null}