{"status":200,"message":"Success","body":[{"shortageQty":0,"reservedQty":10,"partiallyReservedQty":0,"problemType":"SUCCESS","orgCode":"JCP","requestLine":{"lineID":"2","itemID":"1234567-8051","uom":"EACH","bopus":false,"shippable":true,"deliveryMethod":null,"increaseCapacity":null,"shutdown":false,"qty":10,"storeID":"0712","channel":null,"reservationID":"20170613221817100252","procurementAllowed":false}}]}