{"body":[{"status":200,"message":"Success","key":"JCP|0863|15345672007|EACH","body":{"invall":{"shipATP":60,"Available_capacity":9,"bopusSafetyFactor":0,"shipSafetyFactor":0,"bopusATP":60,"reserveddemand":40,"bopus_active":1,"onhandsupply":100,"ship_active":1}},"warnings":null}],"status":221,"message":"Successful"}