{"body":[{"status":0,"message":null,"key":"JCP|15345672031|EACH","body":null,"warnings":[]},{"status":0,"message":null,"key":"JCP|15345672032|EACH","body":null,"warnings":[]},{"status":0,"message":null,"key":"JCP|50012342033|EACH","body":null,"warnings":[]},{"status":0,"message":null,"key":"JCP|15345672034|EACH","body":null,"warnings":[]}],"status":221,"message":"Successful"}