{"status":200,"message":"Success","key":"ItemInventoryKey(itemID=15345672048)","body":{"itemID":"15345672048","onhandsupply":100,"shipATP":0,"bopusATP":0,"reservedDemand":0,"unconfirmedDemand":0,"nonStoreQualStatus":0,"networkQualStatus":0,"nonStoreOnhandQty":0,"futureAvlQty":0,"firstFutureAvailableDate":0,"shipActive":1,"bopusActive":1,"purifyATPDone":false,"factoryShipLeadTimeQty":0,"factoryShipLeadTimeUOM":0,"factoryShipInventoryIndicator":false,"whseClass":3,"moq":null},"warnings":null}