{
	"status": 200,
	"message": "Success",
	"key": "JCP|1786|15345672117|EACH",
	"body": {
		"shipSafetyFactor": 0,
		"bopusSafetyFactor": 0,
		"shipSafetyFactorSource": 0,
		"pickSafetyFactorSource": 0,

		
		
		
		"reservedDemand": 0,
		"unconfirmedDemand": 0,
		
		"dirty": false
	},
	"warnings": null
}