{"status":200,"message":"Success","body":[{"itemID":"15345672202","uom":"EACH","storeID":"2015","supplyData":{"onhandsupply":0},"demandData":{"reserveddemand":0}},{"itemID":"15345672202","uom":"EACH","storeID":"2018","supplyData":{"onhandsupply":0},"demandData":{"reserveddemand":0}},{"itemID":"15345672202","uom":"EACH","storeID":"2020","supplyData":{"onhandsupply":0},"demandData":{"reserveddemand":0}},{"itemID":"15345672203","uom":"EACH","storeID":"2015","supplyData":{"onhandsupply":0},"demandData":{"reserveddemand":0}},{"itemID":"15345672203","uom":"EACH","storeID":"2018","supplyData":{"onhandsupply":0},"demandData":{"reserveddemand":0}},{"itemID":"15345672203","uom":"EACH","storeID":"2020","supplyData":{"onhandsupply":0},"demandData":{"reserveddemand":0}}]}