{"status":200,"message":"Success","body":[{"itemID":"15345672209","uom":"EACH","storeID":"2044","supplyData":{"onhandsupply":1},"demandData":{"reserveddemand":0}},{"itemID":"15345672209","uom":"EACH","storeID":"2047","supplyData":{"onhandsupply":1},"demandData":{"reserveddemand":0}},{"itemID":"15345672209","uom":"EACH","storeID":"2048","supplyData":{"onhandsupply":10},"demandData":{"reserveddemand":0}},{"itemID":"15345672210","uom":"EACH","storeID":"2044","supplyData":{"onhandsupply":0},"demandData":{"reserveddemand":0}},{"itemID":"15345672210","uom":"EACH","storeID":"2047","supplyData":{"onhandsupply":0},"demandData":{"reserveddemand":0}},{"itemID":"15345672210","uom":"EACH","storeID":"2048","supplyData":{"onhandsupply":0},"demandData":{"reserveddemand":0}}]}