{"status":221,"message":"Successful","key":"JCP|2044","body":null,"warnings":[]}