{"body":[{"status":212,"message":"Data Write Successful","key":"2098|P","body":null,"warnings":null},{"status":212,"message":"Data Write Successful","key":"2098|S","body":null,"warnings":null}],"status":221,"message":"Successful"}