{
	"status": 212,
	"message": "Data Write Successful",
	"key": "JCP|2092|15345672221|EACH",
	"body": null,
	"warnings": []
}