{
    "warnings": null,
    "message": "Success",
    "nodeType": null,
    "body": null,
    "key": "20175111121817100062|JCP",
    "status": 200
}