{
    "warnings": null,
    "message": "Success",
    "body": null,
    "key": "ItemInventoryKey(itemID=17112343050)",
    "status": 200
}