{"status":221,"message":"Successful","key":"JCP|1048","body":null,"warnings":[]}