{"status":200,"message":"Success","body":[{"itemID":"17345670016","uom":"EACH","storeID":"1180","supplyData":{"onhandsupply":20},"demandData":{"reserveddemand":0}}]}