{"status":200,"message":"Success","body":[{"itemID":"17345670022","uom":"EACH","storeID":"1223","supplyData":{"onhandsupply":50},"demandData":{"reserveddemand":0}}]}