{"status":200,"message":"Success","key":"77012131041","body":null,"warnings":null}