{
	"status": 200,
	"message": "Success",
	"key": "SFS-DG",
	"body": {
		
		"2909": 1
	},
	"warnings": null
}