{
    "warnings": [],
    "message": "Successful",
    "nodeType": null,
    "body": null,
    "key": "JCP|1170",
    "status": 221
}