{
    "body": [
        {
            "warnings": [],
            "message": null,
            "body": null,
            "key": "JCP|17112345037|EACH",
            "status": 0
        }
    ],
    "message": "Successful",
    "status": 221
}